../Drivers/CMSIS/Include/core_cm4.h:1684:22:__NVIC_EnableIRQ	16	static,ignoring_inline_asm
../Core/Src/main.c:32:6:TIM2_init	4	static
../Core/Src/main.c:49:6:TIM2_IRQHandler	4	static
../Core/Src/main.c:57:6:LED_init	4	static
../Core/Src/main.c:80:6:PushButtonIRQ_Init	8	static
../Core/Src/main.c:93:6:EXTI15_10_IRQHandler	8	static
../Core/Src/main.c:116:6:TIM2_Toggle	4	static
../Core/Src/main.c:137:5:main	8	static
../Core/Src/main.c:158:6:SystemClock_Config	88	static
../Core/Src/main.c:197:6:Error_Handler	4	static,ignoring_inline_asm
